  Determining projects to restore...
  All projects are up-to-date for restore.
  MijnBibliotheekModels -> C:\Users\Kimbe\source\repos\MijnBibliotheek-2\MijnBibliotheekModels\bin\Debug\net9.0\MijnBibliotheekModels.dll
C:\Users\Kimbe\source\repos\MijnBibliotheek-2\MijnBibliotheekWeb\Middleware\TaalMiddleware.cs(21,43): warning CS8604: Possible null reference argument for parameter 'name' in 'CultureInfo.CultureInfo(string name)'. [C:\Users\Kimbe\source\repos\MijnBibliotheek-2\MijnBibliotheekWeb\MijnBibliotheekWeb.csproj]
C:\Users\Kimbe\source\repos\MijnBibliotheek-2\MijnBibliotheekWeb\Middleware\TaalMiddleware.cs(28,17): warning CS8604: Possible null reference argument for parameter 'value' in 'void IResponseCookies.Append(string key, string value, CookieOptions options)'. [C:\Users\Kimbe\source\repos\MijnBibliotheek-2\MijnBibliotheekWeb\MijnBibliotheekWeb.csproj]
C:\Users\Kimbe\source\repos\MijnBibliotheek-2\MijnBibliotheekWeb\obj\Debug\net9.0\Microsoft.CodeAnalysis.Razor.Compiler\Microsoft.NET.Sdk.Razor.SourceGenerators.RazorSourceGenerator\Views_Boeken_Create_cshtml.g.cs(119,143): error CS1963: An expression tree may not contain a dynamic operation [C:\Users\Kimbe\source\repos\MijnBibliotheek-2\MijnBibliotheekWeb\MijnBibliotheekWeb.csproj]
C:\Users\Kimbe\source\repos\MijnBibliotheek-2\MijnBibliotheekWeb\obj\Debug\net9.0\Microsoft.CodeAnalysis.Razor.Compiler\Microsoft.NET.Sdk.Razor.SourceGenerators.RazorSourceGenerator\Views_Boeken_Create_cshtml.g.cs(143,155): error CS1963: An expression tree may not contain a dynamic operation [C:\Users\Kimbe\source\repos\MijnBibliotheek-2\MijnBibliotheekWeb\MijnBibliotheekWeb.csproj]
C:\Users\Kimbe\source\repos\MijnBibliotheek-2\MijnBibliotheekWeb\obj\Debug\net9.0\Microsoft.CodeAnalysis.Razor.Compiler\Microsoft.NET.Sdk.Razor.SourceGenerators.RazorSourceGenerator\Views_Boeken_Create_cshtml.g.cs(177,143): error CS1963: An expression tree may not contain a dynamic operation [C:\Users\Kimbe\source\repos\MijnBibliotheek-2\MijnBibliotheekWeb\MijnBibliotheekWeb.csproj]
C:\Users\Kimbe\source\repos\MijnBibliotheek-2\MijnBibliotheekWeb\obj\Debug\net9.0\Microsoft.CodeAnalysis.Razor.Compiler\Microsoft.NET.Sdk.Razor.SourceGenerators.RazorSourceGenerator\Views_Boeken_Create_cshtml.g.cs(201,155): error CS1963: An expression tree may not contain a dynamic operation [C:\Users\Kimbe\source\repos\MijnBibliotheek-2\MijnBibliotheekWeb\MijnBibliotheekWeb.csproj]
C:\Users\Kimbe\source\repos\MijnBibliotheek-2\MijnBibliotheekWeb\obj\Debug\net9.0\Microsoft.CodeAnalysis.Razor.Compiler\Microsoft.NET.Sdk.Razor.SourceGenerators.RazorSourceGenerator\Views_Boeken_Create_cshtml.g.cs(235,143): error CS1963: An expression tree may not contain a dynamic operation [C:\Users\Kimbe\source\repos\MijnBibliotheek-2\MijnBibliotheekWeb\MijnBibliotheekWeb.csproj]
C:\Users\Kimbe\source\repos\MijnBibliotheek-2\MijnBibliotheekWeb\obj\Debug\net9.0\Microsoft.CodeAnalysis.Razor.Compiler\Microsoft.NET.Sdk.Razor.SourceGenerators.RazorSourceGenerator\Views_Boeken_Create_cshtml.g.cs(259,155): error CS1963: An expression tree may not contain a dynamic operation [C:\Users\Kimbe\source\repos\MijnBibliotheek-2\MijnBibliotheekWeb\MijnBibliotheekWeb.csproj]
C:\Users\Kimbe\source\repos\MijnBibliotheek-2\MijnBibliotheekWeb\obj\Debug\net9.0\Microsoft.CodeAnalysis.Razor.Compiler\Microsoft.NET.Sdk.Razor.SourceGenerators.RazorSourceGenerator\Views_Boeken_Create_cshtml.g.cs(293,144): error CS1963: An expression tree may not contain a dynamic operation [C:\Users\Kimbe\source\repos\MijnBibliotheek-2\MijnBibliotheekWeb\MijnBibliotheekWeb.csproj]
C:\Users\Kimbe\source\repos\MijnBibliotheek-2\MijnBibliotheekWeb\obj\Debug\net9.0\Microsoft.CodeAnalysis.Razor.Compiler\Microsoft.NET.Sdk.Razor.SourceGenerators.RazorSourceGenerator\Views_Boeken_Create_cshtml.g.cs(341,143): error CS1963: An expression tree may not contain a dynamic operation [C:\Users\Kimbe\source\repos\MijnBibliotheek-2\MijnBibliotheekWeb\MijnBibliotheekWeb.csproj]
C:\Users\Kimbe\source\repos\MijnBibliotheek-2\MijnBibliotheekWeb\obj\Debug\net9.0\Microsoft.CodeAnalysis.Razor.Compiler\Microsoft.NET.Sdk.Razor.SourceGenerators.RazorSourceGenerator\Views_Boeken_Create_cshtml.g.cs(374,143): error CS1963: An expression tree may not contain a dynamic operation [C:\Users\Kimbe\source\repos\MijnBibliotheek-2\MijnBibliotheekWeb\MijnBibliotheekWeb.csproj]

Build FAILED.

C:\Users\Kimbe\source\repos\MijnBibliotheek-2\MijnBibliotheekWeb\Middleware\TaalMiddleware.cs(21,43): warning CS8604: Possible null reference argument for parameter 'name' in 'CultureInfo.CultureInfo(string name)'. [C:\Users\Kimbe\source\repos\MijnBibliotheek-2\MijnBibliotheekWeb\MijnBibliotheekWeb.csproj]
C:\Users\Kimbe\source\repos\MijnBibliotheek-2\MijnBibliotheekWeb\Middleware\TaalMiddleware.cs(28,17): warning CS8604: Possible null reference argument for parameter 'value' in 'void IResponseCookies.Append(string key, string value, CookieOptions options)'. [C:\Users\Kimbe\source\repos\MijnBibliotheek-2\MijnBibliotheekWeb\MijnBibliotheekWeb.csproj]
C:\Users\Kimbe\source\repos\MijnBibliotheek-2\MijnBibliotheekWeb\obj\Debug\net9.0\Microsoft.CodeAnalysis.Razor.Compiler\Microsoft.NET.Sdk.Razor.SourceGenerators.RazorSourceGenerator\Views_Boeken_Create_cshtml.g.cs(119,143): error CS1963: An expression tree may not contain a dynamic operation [C:\Users\Kimbe\source\repos\MijnBibliotheek-2\MijnBibliotheekWeb\MijnBibliotheekWeb.csproj]
C:\Users\Kimbe\source\repos\MijnBibliotheek-2\MijnBibliotheekWeb\obj\Debug\net9.0\Microsoft.CodeAnalysis.Razor.Compiler\Microsoft.NET.Sdk.Razor.SourceGenerators.RazorSourceGenerator\Views_Boeken_Create_cshtml.g.cs(143,155): error CS1963: An expression tree may not contain a dynamic operation [C:\Users\Kimbe\source\repos\MijnBibliotheek-2\MijnBibliotheekWeb\MijnBibliotheekWeb.csproj]
C:\Users\Kimbe\source\repos\MijnBibliotheek-2\MijnBibliotheekWeb\obj\Debug\net9.0\Microsoft.CodeAnalysis.Razor.Compiler\Microsoft.NET.Sdk.Razor.SourceGenerators.RazorSourceGenerator\Views_Boeken_Create_cshtml.g.cs(177,143): error CS1963: An expression tree may not contain a dynamic operation [C:\Users\Kimbe\source\repos\MijnBibliotheek-2\MijnBibliotheekWeb\MijnBibliotheekWeb.csproj]
C:\Users\Kimbe\source\repos\MijnBibliotheek-2\MijnBibliotheekWeb\obj\Debug\net9.0\Microsoft.CodeAnalysis.Razor.Compiler\Microsoft.NET.Sdk.Razor.SourceGenerators.RazorSourceGenerator\Views_Boeken_Create_cshtml.g.cs(201,155): error CS1963: An expression tree may not contain a dynamic operation [C:\Users\Kimbe\source\repos\MijnBibliotheek-2\MijnBibliotheekWeb\MijnBibliotheekWeb.csproj]
C:\Users\Kimbe\source\repos\MijnBibliotheek-2\MijnBibliotheekWeb\obj\Debug\net9.0\Microsoft.CodeAnalysis.Razor.Compiler\Microsoft.NET.Sdk.Razor.SourceGenerators.RazorSourceGenerator\Views_Boeken_Create_cshtml.g.cs(235,143): error CS1963: An expression tree may not contain a dynamic operation [C:\Users\Kimbe\source\repos\MijnBibliotheek-2\MijnBibliotheekWeb\MijnBibliotheekWeb.csproj]
C:\Users\Kimbe\source\repos\MijnBibliotheek-2\MijnBibliotheekWeb\obj\Debug\net9.0\Microsoft.CodeAnalysis.Razor.Compiler\Microsoft.NET.Sdk.Razor.SourceGenerators.RazorSourceGenerator\Views_Boeken_Create_cshtml.g.cs(259,155): error CS1963: An expression tree may not contain a dynamic operation [C:\Users\Kimbe\source\repos\MijnBibliotheek-2\MijnBibliotheekWeb\MijnBibliotheekWeb.csproj]
C:\Users\Kimbe\source\repos\MijnBibliotheek-2\MijnBibliotheekWeb\obj\Debug\net9.0\Microsoft.CodeAnalysis.Razor.Compiler\Microsoft.NET.Sdk.Razor.SourceGenerators.RazorSourceGenerator\Views_Boeken_Create_cshtml.g.cs(293,144): error CS1963: An expression tree may not contain a dynamic operation [C:\Users\Kimbe\source\repos\MijnBibliotheek-2\MijnBibliotheekWeb\MijnBibliotheekWeb.csproj]
C:\Users\Kimbe\source\repos\MijnBibliotheek-2\MijnBibliotheekWeb\obj\Debug\net9.0\Microsoft.CodeAnalysis.Razor.Compiler\Microsoft.NET.Sdk.Razor.SourceGenerators.RazorSourceGenerator\Views_Boeken_Create_cshtml.g.cs(341,143): error CS1963: An expression tree may not contain a dynamic operation [C:\Users\Kimbe\source\repos\MijnBibliotheek-2\MijnBibliotheekWeb\MijnBibliotheekWeb.csproj]
C:\Users\Kimbe\source\repos\MijnBibliotheek-2\MijnBibliotheekWeb\obj\Debug\net9.0\Microsoft.CodeAnalysis.Razor.Compiler\Microsoft.NET.Sdk.Razor.SourceGenerators.RazorSourceGenerator\Views_Boeken_Create_cshtml.g.cs(374,143): error CS1963: An expression tree may not contain a dynamic operation [C:\Users\Kimbe\source\repos\MijnBibliotheek-2\MijnBibliotheekWeb\MijnBibliotheekWeb.csproj]
    2 Warning(s)
    9 Error(s)

Time Elapsed 00:00:02.34
